// Jest Snapshot v1, https://goo.gl/fbAQLP

exports[`renders without crashing 1`] = `
<div
  className="flex justify-between min-h-screen"
>
  <aside
    className="px-4 py-4 items-strech bg-white shadow max-h-screen sticky pin-t"
  >
    <div
      className="top-4"
    >
      <svg
        className="fill-current w-4 h-4 cursor-pointer text-black block mb-8"
        onClick={[Function]}
        viewBox="0 0 20 20"
        xmlns="http://www.w3.org/2000/svg"
      >
        <path
          d="M10 8.586L2.929 1.515 1.515 2.929 8.586 10l-7.071 7.071 1.414 1.414L10 11.414l7.071 7.071 1.414-1.414L11.414 10l7.071-7.071-1.414-1.414L10 8.586z"
        />
      </svg>
      <div
        className="inline-flex text-xs"
      >
        <button
          className="bg-grey-darkest hover:bg-grey-darker text-grey-light font-bold py-2 px-4 rounded-l"
          onClick={[Function]}
        >
          Show all
        </button>
        <button
          className="bg-grey-light hover:bg-grey text-grey-darkest font-bold py-2 px-4 rounded-r"
          onClick={[Function]}
        >
          Only running
        </button>
      </div>
    </div>
  </aside>
  <div
    className="flex-grow my-4"
    style={
      Object {
        "opacity": 0.5,
      }
    }
  >
    <main
      className="-pl-12 container mx-auto"
    />
  </div>
</div>
`;
