// Jest Snapshot v1, https://goo.gl/fbAQLP

exports[`PipelineGraph renders correctly 1`] = `
<div
  className="flex items-center"
>
  <img
    alt=""
    className="mx-1"
    onClick={[Function]}
    src="success.svg"
    style={
      Object {
        "height": "1.3rem",
      }
    }
    title="check_code"
  />
  <img
    alt=""
    className="mx-1"
    onClick={[Function]}
    src="running.svg"
    style={
      Object {
        "height": "1.3rem",
      }
    }
    title="test"
  />
</div>
`;
