// Jest Snapshot v1, https://goo.gl/fbAQLP

exports[`PipelineGraph renders correctly 1`] = `
<div
  className="flex -mb-2"
>
  <div
    className="flex flex-col mr-8 justify-center"
  >
    <div
      className="flex"
      onClick={[Function]}
    >
      <svg
        className="mb-2 mr-1"
        title="check_code"
      >
        success.svg
      </svg>
      <span
        className="text-xs text-gray-lighter"
      >
        check_code
      </span>
    </div>
  </div>
  <div
    className="flex flex-col mr-8 justify-center"
  >
    <div
      className="flex"
      onClick={[Function]}
    >
      <svg
        className="mb-2 mr-1"
        title="test"
      >
        running.svg
      </svg>
      <span
        className="text-xs text-gray-lighter"
      >
        test
      </span>
    </div>
  </div>
</div>
`;
