// Jest Snapshot v1, https://goo.gl/fbAQLP

exports[`PipelineGraph renders correctly 1`] = `
<div
  className="flex items-center"
>
  <svg
    className="mx-1"
    onClick={[Function]}
    style={
      Object {
        "height": "1.3rem",
      }
    }
    title="check_code"
  >
    success.svg
  </svg>
  <svg
    className="mx-1"
    onClick={[Function]}
    style={
      Object {
        "height": "1.3rem",
      }
    }
    title="test"
  >
    running.svg
  </svg>
</div>
`;
